here is a simple transformer version that continues running until the user requests termination with q or enter, and reports invalid expressions.  

> import Data.Char
> import Stack
> import Control.Monad.State
> import Control.Monad.Error
> import Control.Monad.Trans.Maybe


> data IntOrOp = Dat Int | Op Aop deriving (Eq, Read, Show)
> data Aop     = Add | Sub deriving (Eq, Read, Show)
> type PfExpr = [IntOrOp]

> parsePFE :: String -> PfExpr -> StateT (Stack Int) IO PfExpr
> parsePFE inp out = do
> 	case inp of
> 		""                     -> return $ reverse out
> 		(c : cs) | isSpace c   -> parsePFE (dropWhile isSpace cs) out
> 		('+' : cs)             -> parsePFE cs (Op Add : out)
> 		('-' : cs)             -> parsePFE cs (Op Sub : out)
>		s@(c : cs) | isDigit c -> let (lexeme, cs') = span isDigit s in
> 				parsePFE cs' (Dat (read lexeme) : out)
> 		_                      -> do
> 					liftIO $ putStr "???\n"
> 					return []

> applyOp :: Aop -> Int -> Int -> Int
> applyOp Add = (+)
> applyOp Sub = (-)

> popM :: StateT (Stack Int) IO Int
> popM =  do
> 		st <- get
>		modify pop
> 		return (top st)

> pushM :: Int -> StateT (Stack Int) IO ()
> pushM x = do
> 		modify (push x)
> 		return ()

> type PFE = StateT (Stack Int) IO

> runpfcalc  = runStateT pfcalc makeStack

> pfcalc :: PFE ()
> pfcalc = do
> 	liftIO $ putStr "Enter a postfix expression (enter to quit): "
> 	l <- liftIO getLine
>	if l == "q" || l == ""
>		then return ()
> 		else do
> 			x <- parsePFE l []
> 			if x == []
> 				then do
> 					liftIO $ putStr "invalid entry.\n"
> 					pfcalc
> 				else do
> 					result <- evalPfM x
> 					liftIO $ putStr ("result: " ++ (show result) ++ "\n")
> 					modify (\_ -> makeStack)
> 					pfcalc


> evalPfM :: [IntOrOp] -> StateT (Stack Int) IO Int
> evalPfM []            = do
>							st <- get
> --							liftIO $ putStr "gotit"
>							if isEmpty (pop st)
> 								then popM
> 								else do
> 									liftIO $ putStr "Invalid Expr\n"
> 									return 0
> evalPfM ((Dat n):p)   = do
> 							pushM n
> 							evalPfM p
> evalPfM ((Op  op):p)  = do
> 							st <- get
> 							if len st < 2
> 								then do
> 									liftIO $ putStr "Invalid Expr\n"
> 									return 0
> 								else do
> 									st <- get
> 									a <- popM
> 									b <- popM
>									pushM (applyOp op b a)
> 									evalPfM p


